"A" = {"4","/\\","@","/-\\","^","aye","(L"}
"B" = {"I3","8","13","|3","!3","(3","/3",")3","|-]","j3"}
"C" = {"[","<","(","©"}
"D" = {")","|)","(|","[)","I>","|>","T)","I7","cl","|}","|]"}
"E" = {"3","&","[-","|=-"}
"F" = {"|=","|#","ph","/=","v"}
"G" = {"6","&","(_+","9","C-","gee","(?,","[,","{,","<-","(."}
"H" = {"#","/-/","[-]","]-[",")-(","(-)",":-:","|~|","|-|","]~[","}{","!-!","1-1","\\-/","I+I"}
"I" = {"1","|","][","!","eye","3y3"}
"J" = {",_|","_|","._|","._]","_]",",_]","]"}
"K" = {">|","|<","1<","|c","|("}
"L" = {"1","2","7","|_","|"}
"M" = {"/\\/\\","/V\\","[V]","|\\/|","^^","<\\/>","{V}","(v)","(V)","|\\|\\","]\\/[","nn"}
"N" = {"^/","|\\|","/\\/","[\\]","<\\>","{\\}","/V","È","^","?"}
"O" = {"0","()","oh","[]","p","<>"}
"P" = {"|*","|o","|^","|>","|\\"","9","[]D","|°","|7"}
"Q" = {"(_,)","()_","2","0_","<|","&"}
"R" = {"I2","|9","|`","|~","/2","|^","lz","7","2","12","®","[z","ß",".-","|2","|-"}
"S" = {"5","$","z","§","ehs","es","2"}
"T" = {"7","+","-|-","']['","†","«|»","~|~"}
"U" = {"(_)","|_|","v","L|","µ","}
"V" = {"\\/","|/","\\|"}
"W" = {"\\/\\/","vv","\\N","'//","\\\\'","\\^/","dubya","(n)","\\V/","\\X/","\\|/","\\_|_/","\\_:_/","Ø","uu","2u","\\\\//\\\\//"}
"X" = {"><","Æ","}{","ecks","}{",")(","]["}
"Y" = {"j","`/","×","7","\\|/","\\//"}
"Z" = {"2","7_","-/_","%",">_","s","~/_","-\\_","-|_"}